// Jest Snapshot v1, https://goo.gl/fbAQLP

exports[`renders correctly 1`] = `
<TextInput
  placeholderTextColor="#687076"
  style={
    [
      {
        "borderColor": "#ccc",
        "borderRadius": 5,
        "borderWidth": 1,
        "fontFamily": "PoppinsRegular",
        "fontSize": 16,
        "lineHeight": 24,
        "padding": 10,
      },
      undefined,
      {
        "color": "#11181C",
      },
    ]
  }
>
  Snapshot test!
</TextInput>
`;
